// Vitest Snapshot v1, https://vitest.dev/guide/snapshot.html

exports[`Test PageApp app > empty state matches snapshot 1`] = `
<DocumentFragment>
  <div
    class="mantine-1j5d86u undefined border-2 border-dashed rounded-md flex items-center justify-center p-8"
  >
    <div
      class="mantine-15ha46x text-center space-y-2"
    >
      <svg
        class="w-12 h-12 mx-auto"
        fill="none"
        height="24"
        stroke="currentColor"
        stroke-linecap="round"
        stroke-linejoin="round"
        stroke-width="1.3"
        viewBox="0 0 24 24"
        width="24"
        xmlns="http://www.w3.org/2000/svg"
      >
        <path
          d="M12 12m-9 0a9 9 0 1 0 18 0a9 9 0 1 0 -18 0"
        />
        <path
          d="M9 10l.01 0"
        />
        <path
          d="M15 10l.01 0"
        />
        <path
          d="M9.5 15.25a3.5 3.5 0 0 1 5 0"
        />
      </svg>
      <h1
        class="mantine-Text-root mantine-Title-root mantine-174z13q"
      >
        You are currently not assigned any homes
      </h1>
      <div
        class="mantine-Text-root mantine-1d564l0"
      >
        Please contact an admin.
      </div>
    </div>
  </div>
</DocumentFragment>
`;
